Archive member included to satisfy reference by file (symbol)

C:/ST/STM32CubeIDE_1.14.0/STM32CubeIDE/plugins/com.st.stm32cube.ide.mcu.externaltools.gnu-tools-for-stm32.11.3.rel1.win32_1.1.100.202309141235/tools/bin/../lib/gcc/arm-none-eabi/11.3.1/../../../../arm-none-eabi/lib/thumb/v7e-m+fp/hard\libc_nano.a(libc_a-exit.o)
                              C:/ST/STM32CubeIDE_1.14.0/STM32CubeIDE/plugins/com.st.stm32cube.ide.mcu.externaltools.gnu-tools-for-stm32.11.3.rel1.win32_1.1.100.202309141235/tools/bin/../lib/gcc/arm-none-eabi/11.3.1/../../../../arm-none-eabi/lib/thumb/v7e-m+fp/hard/crt0.o (exit)
C:/ST/STM32CubeIDE_1.14.0/STM32CubeIDE/plugins/com.st.stm32cube.ide.mcu.externaltools.gnu-tools-for-stm32.11.3.rel1.win32_1.1.100.202309141235/tools/bin/../lib/gcc/arm-none-eabi/11.3.1/../../../../arm-none-eabi/lib/thumb/v7e-m+fp/hard\libc_nano.a(libc_a-findfp.o)
                              C:/ST/STM32CubeIDE_1.14.0/STM32CubeIDE/plugins/com.st.stm32cube.ide.mcu.externaltools.gnu-tools-for-stm32.11.3.rel1.win32_1.1.100.202309141235/tools/bin/../lib/gcc/arm-none-eabi/11.3.1/../../../../arm-none-eabi/lib/thumb/v7e-m+fp/hard\libc_nano.a(libc_a-exit.o) (__stdio_exit_handler)
C:/ST/STM32CubeIDE_1.14.0/STM32CubeIDE/plugins/com.st.stm32cube.ide.mcu.externaltools.gnu-tools-for-stm32.11.3.rel1.win32_1.1.100.202309141235/tools/bin/../lib/gcc/arm-none-eabi/11.3.1/../../../../arm-none-eabi/lib/thumb/v7e-m+fp/hard\libc_nano.a(libc_a-fwalk.o)
                              C:/ST/STM32CubeIDE_1.14.0/STM32CubeIDE/plugins/com.st.stm32cube.ide.mcu.externaltools.gnu-tools-for-stm32.11.3.rel1.win32_1.1.100.202309141235/tools/bin/../lib/gcc/arm-none-eabi/11.3.1/../../../../arm-none-eabi/lib/thumb/v7e-m+fp/hard\libc_nano.a(libc_a-findfp.o) (_fwalk_sglue)
C:/ST/STM32CubeIDE_1.14.0/STM32CubeIDE/plugins/com.st.stm32cube.ide.mcu.externaltools.gnu-tools-for-stm32.11.3.rel1.win32_1.1.100.202309141235/tools/bin/../lib/gcc/arm-none-eabi/11.3.1/../../../../arm-none-eabi/lib/thumb/v7e-m+fp/hard\libc_nano.a(libc_a-stdio.o)
                              C:/ST/STM32CubeIDE_1.14.0/STM32CubeIDE/plugins/com.st.stm32cube.ide.mcu.externaltools.gnu-tools-for-stm32.11.3.rel1.win32_1.1.100.202309141235/tools/bin/../lib/gcc/arm-none-eabi/11.3.1/../../../../arm-none-eabi/lib/thumb/v7e-m+fp/hard\libc_nano.a(libc_a-findfp.o) (__sread)
C:/ST/STM32CubeIDE_1.14.0/STM32CubeIDE/plugins/com.st.stm32cube.ide.mcu.externaltools.gnu-tools-for-stm32.11.3.rel1.win32_1.1.100.202309141235/tools/bin/../lib/gcc/arm-none-eabi/11.3.1/../../../../arm-none-eabi/lib/thumb/v7e-m+fp/hard\libc_nano.a(libc_a-memset.o)
                              C:/ST/STM32CubeIDE_1.14.0/STM32CubeIDE/plugins/com.st.stm32cube.ide.mcu.externaltools.gnu-tools-for-stm32.11.3.rel1.win32_1.1.100.202309141235/tools/bin/../lib/gcc/arm-none-eabi/11.3.1/../../../../arm-none-eabi/lib/thumb/v7e-m+fp/hard/crt0.o (memset)
C:/ST/STM32CubeIDE_1.14.0/STM32CubeIDE/plugins/com.st.stm32cube.ide.mcu.externaltools.gnu-tools-for-stm32.11.3.rel1.win32_1.1.100.202309141235/tools/bin/../lib/gcc/arm-none-eabi/11.3.1/../../../../arm-none-eabi/lib/thumb/v7e-m+fp/hard\libc_nano.a(libc_a-closer.o)
                              C:/ST/STM32CubeIDE_1.14.0/STM32CubeIDE/plugins/com.st.stm32cube.ide.mcu.externaltools.gnu-tools-for-stm32.11.3.rel1.win32_1.1.100.202309141235/tools/bin/../lib/gcc/arm-none-eabi/11.3.1/../../../../arm-none-eabi/lib/thumb/v7e-m+fp/hard\libc_nano.a(libc_a-stdio.o) (_close_r)
C:/ST/STM32CubeIDE_1.14.0/STM32CubeIDE/plugins/com.st.stm32cube.ide.mcu.externaltools.gnu-tools-for-stm32.11.3.rel1.win32_1.1.100.202309141235/tools/bin/../lib/gcc/arm-none-eabi/11.3.1/../../../../arm-none-eabi/lib/thumb/v7e-m+fp/hard\libc_nano.a(libc_a-reent.o)
                              C:/ST/STM32CubeIDE_1.14.0/STM32CubeIDE/plugins/com.st.stm32cube.ide.mcu.externaltools.gnu-tools-for-stm32.11.3.rel1.win32_1.1.100.202309141235/tools/bin/../lib/gcc/arm-none-eabi/11.3.1/../../../../arm-none-eabi/lib/thumb/v7e-m+fp/hard\libc_nano.a(libc_a-closer.o) (errno)
C:/ST/STM32CubeIDE_1.14.0/STM32CubeIDE/plugins/com.st.stm32cube.ide.mcu.externaltools.gnu-tools-for-stm32.11.3.rel1.win32_1.1.100.202309141235/tools/bin/../lib/gcc/arm-none-eabi/11.3.1/../../../../arm-none-eabi/lib/thumb/v7e-m+fp/hard\libc_nano.a(libc_a-impure.o)
                              C:/ST/STM32CubeIDE_1.14.0/STM32CubeIDE/plugins/com.st.stm32cube.ide.mcu.externaltools.gnu-tools-for-stm32.11.3.rel1.win32_1.1.100.202309141235/tools/bin/../lib/gcc/arm-none-eabi/11.3.1/../../../../arm-none-eabi/lib/thumb/v7e-m+fp/hard\libc_nano.a(libc_a-reent.o) (_impure_ptr)
C:/ST/STM32CubeIDE_1.14.0/STM32CubeIDE/plugins/com.st.stm32cube.ide.mcu.externaltools.gnu-tools-for-stm32.11.3.rel1.win32_1.1.100.202309141235/tools/bin/../lib/gcc/arm-none-eabi/11.3.1/../../../../arm-none-eabi/lib/thumb/v7e-m+fp/hard\libc_nano.a(libc_a-lseekr.o)
[...]
Memory Configuration

Name             Origin             Length             Attributes
RAM              0x0000000020000000 0x0000000000020000 xrw
FLASH            0x0000000008000000 0x0000000000080000 xr
*default*        0x0000000000000000 0xffffffffffffffff

Linker script and memory map

LOAD C:/ST/STM32CubeIDE_1.14.0/STM32CubeIDE/plugins/com.st.stm32cube.ide.mcu.externaltools.gnu-tools-for-stm32.11.3.rel1.win32_1.1.100.202309141235/tools/bin/../lib/gcc/arm-none-eabi/11.3.1/thumb/v7e-m+fp/hard/crti.o
LOAD C:/ST/STM32CubeIDE_1.14.0/STM32CubeIDE/plugins/com.st.stm32cube.ide.mcu.externaltools.gnu-tools-for-stm32.11.3.rel1.win32_1.1.100.202309141235/tools/bin/../lib/gcc/arm-none-eabi/11.3.1/thumb/v7e-m+fp/hard/crtbegin.o
LOAD C:/ST/STM32CubeIDE_1.14.0/STM32CubeIDE/plugins/com.st.stm32cube.ide.mcu.externaltools.gnu-tools-for-stm32.11.3.rel1.win32_1.1.100.202309141235/tools/bin/../lib/gcc/arm-none-eabi/11.3.1/../../../../arm-none-eabi/lib/thumb/v7e-m+fp/hard/crt0.o
LOAD ./Common/FreeRTOS/croutine.o
LOAD ./Common/FreeRTOS/event_groups.o
LOAD ./Common/FreeRTOS/list.o
LOAD ./Common/FreeRTOS/queue.o
LOAD ./Common/FreeRTOS/stream_buffer.o
LOAD ./Common/FreeRTOS/tasks.o
LOAD ./Common/FreeRTOS/timers.o
LOAD ./Common/FreeRTOS/portable/GCC/ARM_CM4F/port.o
LOAD ./Common/FreeRTOS/portable/MemMang/heap_4.o
LOAD ./Core/Src/main.o
LOAD ./Core/Src/stm32f4xx_hal_msp.o
LOAD ./Core/Src/stm32f4xx_hal_timebase_tim.o
LOAD ./Core/Src/stm32f4xx_it.o
LOAD ./Core/Src/syscalls.o
LOAD ./Core/Src/system_stm32f4xx.o
LOAD ./Core/Startup/startup_stm32f411vetx.o
LOAD ./Drivers/STM32F4xx_HAL_Driver/Src/stm32f4xx_hal.o
LOAD ./Drivers/STM32F4xx_HAL_Driver/Src/stm32f4xx_hal_cortex.o
LOAD ./Drivers/STM32F4xx_HAL_Driver/Src/stm32f4xx_hal_dma.o
LOAD ./Drivers/STM32F4xx_HAL_Driver/Src/stm32f4xx_hal_dma_ex.o
LOAD ./Drivers/STM32F4xx_HAL_Driver/Src/stm32f4xx_hal_exti.o
LOAD ./Drivers/STM32F4xx_HAL_Driver/Src/stm32f4xx_hal_flash.o
LOAD ./Drivers/STM32F4xx_HAL_Driver/Src/stm32f4xx_hal_flash_ex.o
LOAD ./Drivers/STM32F4xx_HAL_Driver/Src/stm32f4xx_hal_flash_ramfunc.o
LOAD ./Drivers/STM32F4xx_HAL_Driver/Src/stm32f4xx_hal_gpio.o
LOAD ./Drivers/STM32F4xx_HAL_Driver/Src/stm32f4xx_hal_pwr.o
LOAD ./Drivers/STM32F4xx_HAL_Driver/Src/stm32f4xx_hal_pwr_ex.o
LOAD ./Drivers/STM32F4xx_HAL_Driver/Src/stm32f4xx_hal_rcc.o
LOAD ./Drivers/STM32F4xx_HAL_Driver/Src/stm32f4xx_hal_rcc_ex.o
LOAD ./Drivers/STM32F4xx_HAL_Driver/Src/stm32f4xx_hal_tim.o
LOAD ./Drivers/STM32F4xx_HAL_Driver/Src/stm32f4xx_hal_tim_ex.o
START GROUP
LOAD C:/ST/STM32CubeIDE_1.14.0/STM32CubeIDE/plugins/com.st.stm32cube.ide.mcu.externaltools.gnu-tools-for-stm32.11.3.rel1.win32_1.1.100.202309141235/tools/bin/../lib/gcc/arm-none-eabi/11.3.1/../../../../arm-none-eabi/lib/thumb/v7e-m+fp/hard\libc_nano.a
LOAD C:/ST/STM32CubeIDE_1.14.0/STM32CubeIDE/plugins/com.st.stm32cube.ide.mcu.externaltools.gnu-tools-for-stm32.11.3.rel1.win32_1.1.100.202309141235/tools/bin/../lib/gcc/arm-none-eabi/11.3.1/../../../../arm-none-eabi/lib/thumb/v7e-m+fp/hard\libm.a
END GROUP
START GROUP
LOAD C:/ST/STM32CubeIDE_1.14.0/STM32CubeIDE/plugins/com.st.stm32cube.ide.mcu.externaltools.gnu-tools-for-stm32.11.3.rel1.win32_1.1.100.202309141235/tools/bin/../lib/gcc/arm-none-eabi/11.3.1/thumb/v7e-m+fp/hard\libgcc.a
LOAD C:/ST/STM32CubeIDE_1.14.0/STM32CubeIDE/plugins/com.st.stm32cube.ide.mcu.externaltools.gnu-tools-for-stm32.11.3.rel1.win32_1.1.100.202309141235/tools/bin/../lib/gcc/arm-none-eabi/11.3.1/../../../../arm-none-eabi/lib/thumb/v7e-m+fp/hard\libc_nano.a
END GROUP
START GROUP
LOAD C:/ST/STM32CubeIDE_1.14.0/STM32CubeIDE/plugins/com.st.stm32cube.ide.mcu.externaltools.gnu-tools-for-stm32.11.3.rel1.win32_1.1.100.202309141235/tools/bin/../lib/gcc/arm-none-eabi/11.3.1/thumb/v7e-m+fp/hard\libgcc.a
LOAD C:/ST/STM32CubeIDE_1.14.0/STM32CubeIDE/plugins/com.st.stm32cube.ide.mcu.externaltools.gnu-tools-for-stm32.11.3.rel1.win32_1.1.100.202309141235/tools/bin/../lib/gcc/arm-none-eabi/11.3.1/../../../../arm-none-eabi/lib/thumb/v7e-m+fp/hard\libc_nano.a
LOAD C:/ST/STM32CubeIDE_1.14.0/STM32CubeIDE/plugins/com.st.stm32cube.ide.mcu.externaltools.gnu-tools-for-stm32.11.3.rel1.win32_1.1.100.202309141235/tools/bin/../lib/gcc/arm-none-eabi/11.3.1/../../../../arm-none-eabi/lib/thumb/v7e-m+fp/hard\libnosys.a
END GROUP
START GROUP
LOAD C:/ST/STM32CubeIDE_1.14.0/STM32CubeIDE/plugins/com.st.stm32cube.ide.mcu.externaltools.gnu-tools-for-stm32.11.3.rel1.win32_1.1.100.202309141235/tools/bin/../lib/gcc/arm-none-eabi/11.3.1/thumb/v7e-m+fp/hard\libgcc.a
LOAD C:/ST/STM32CubeIDE_1.14.0/STM32CubeIDE/plugins/com.st.stm32cube.ide.mcu.externaltools.gnu-tools-for-stm32.11.3.rel1.win32_1.1.100.202309141235/tools/bin/../lib/gcc/arm-none-eabi/11.3.1/../../../../arm-none-eabi/lib/thumb/v7e-m+fp/hard\libc_nano.a
LOAD C:/ST/STM32CubeIDE_1.14.0/STM32CubeIDE/plugins/com.st.stm32cube.ide.mcu.externaltools.gnu-tools-for-stm32.11.3.rel1.win32_1.1.100.202309141235/tools/bin/../lib/gcc/arm-none-eabi/11.3.1/../../../../arm-none-eabi/lib/thumb/v7e-m+fp/hard\libnosys.a
END GROUP
LOAD C:/ST/STM32CubeIDE_1.14.0/STM32CubeIDE/plugins/com.st.stm32cube.ide.mcu.externaltools.gnu-tools-for-stm32.11.3.rel1.win32_1.1.100.202309141235/tools/bin/../lib/gcc/arm-none-eabi/11.3.1/thumb/v7e-m+fp/hard/crtend.o
LOAD C:/ST/STM32CubeIDE_1.14.0/STM32CubeIDE/plugins/com.st.stm32cube.ide.mcu.externaltools.gnu-tools-for-stm32.11.3.rel1.win32_1.1.100.202309141235/tools/bin/../lib/gcc/arm-none-eabi/11.3.1/thumb/v7e-m+fp/hard/crtn.o
                0x0000000020020000                _estack = (ORIGIN (RAM) + LENGTH (RAM))
                0x0000000000000200                _Min_Heap_Size = 0x200
                0x0000000000000400                _Min_Stack_Size = 0x400

.isr_vector     0x0000000008000000      0x198
                0x0000000008000000                . = ALIGN (0x4)
 *(.isr_vector)
 .isr_vector    0x0000000008000000      0x198 ./Core/Startup/startup_stm32f411vetx.o
                0x0000000008000000                g_pfnVectors
                0x0000000008000198                . = ALIGN (0x4)

.text           0x00000000080001a0     0x4360
                0x00000000080001a0                . = ALIGN (0x4)
 *(.text)
 .text          0x00000000080001a0       0x40 C:/ST/STM32CubeIDE_1.14.0/STM32CubeIDE/plugins/com.st.stm32cube.ide.mcu.externaltools.gnu-tools-for-stm32.11.3.rel1.win32_1.1.100.202309141235/tools/bin/../lib/gcc/arm-none-eabi/11.3.1/thumb/v7e-m+fp/hard/crtbegin.o
 .text          0x00000000080001e0       0x30 C:/ST/STM32CubeIDE_1.14.0/STM32CubeIDE/plugins/com.st.stm32cube.ide.mcu.externaltools.gnu-tools-for-stm32.11.3.rel1.win32_1.1.100.202309141235/tools/bin/../lib/gcc/arm-none-eabi/11.3.1/thumb/v7e-m+fp/hard\libgcc.a(_aeabi_uldivmod.o)
                0x00000000080001e0                __aeabi_uldivmod
 .text          0x0000000008000210      0x2c8 C:/ST/STM32CubeIDE_1.14.0/STM32CubeIDE/plugins/com.st.stm32cube.ide.mcu.externaltools.gnu-tools-for-stm32.11.3.rel1.win32_1.1.100.202309141235/tools/bin/../lib/gcc/arm-none-eabi/11.3.1/thumb/v7e-m+fp/hard\libgcc.a(_udivmoddi4.o)
                0x0000000008000210                __udivmoddi4
 .text          0x00000000080004d8        0x4 C:/ST/STM32CubeIDE_1.14.0/STM32CubeIDE/plugins/com.st.stm32cube.ide.mcu.externaltools.gnu-tools-for-stm32.11.3.rel1.win32_1.1.100.202309141235/tools/bin/../lib/gcc/arm-none-eabi/11.3.1/thumb/v7e-m+fp/hard\libgcc.a(_dvmd_tls.o)
                0x00000000080004d8                __aeabi_idiv0
                0x00000000080004d8                __aeabi_ldiv0
 *(.text*)
 .text.vListInitialise
                0x00000000080004dc       0x40 ./Common/FreeRTOS/list.o
                0x00000000080004dc                vListInitialise
 .text.vListInitialiseItem
                0x000000000800051c       0x1a ./Common/FreeRTOS/list.o
                0x000000000800051c                vListInitialiseItem
 .text.vListInsert
                0x0000000008000536       0x72 ./Common/FreeRTOS/list.o
                0x0000000008000536                vListInsert
 .text.uxListRemove
                0x00000000080005a8       0x54 ./Common/FreeRTOS/list.o
                0x00000000080005a8                uxListRemove
 .text.xQueueGenericReset
                0x00000000080005fc      0x120 ./Common/FreeRTOS/queue.o
                0x00000000080005fc                xQueueGenericReset
 .text.xQueueGenericCreate
                0x000000000800071c       0x9c ./Common/FreeRTOS/queue.o
                0x000000000800071c                xQueueGenericCreate
 .text.prvInitialiseNewQueue
                0x00000000080007b8       0x46 ./Common/FreeRTOS/queue.o
 *fill*         0x00000000080007fe        0x2 
 .text.xQueueReceive
                0x0000000008000800      0x1c0 ./Common/FreeRTOS/queue.o
                0x0000000008000800                xQueueReceive
 .text.prvCopyDataFromQueue
                0x00000000080009c0       0x4c ./Common/FreeRTOS/queue.o
 .text.prvUnlockQueue
                0x0000000008000a0c       0xa4 ./Common/FreeRTOS/queue.o
 .text.prvIsQueueEmpty
                0x0000000008000ab0       0x2c ./Common/FreeRTOS/queue.o
 .text.vQueueAddToRegistry
                0x0000000008000adc       0x9c ./Common/FreeRTOS/queue.o
                0x0000000008000adc                vQueueAddToRegistry
 .text.vQueueWaitForMessageRestricted
                0x0000000008000b78       0x68 ./Common/FreeRTOS/queue.o
                0x0000000008000b78                vQueueWaitForMessageRestricted
 .text.xTaskCreate
                0x0000000008000be0       0x8c ./Common/FreeRTOS/tasks.o
                0x0000000008000be0                xTaskCreate
 .text.prvInitialiseNewTask
                0x0000000008000c6c      0x11c ./Common/FreeRTOS/tasks.o
 .text.prvAddNewTaskToReadyList
                0x0000000008000d88      0x12c ./Common/FreeRTOS/tasks.o
 .text.vTaskDelay
                0x0000000008000eb4       0x68 ./Common/FreeRTOS/tasks.o
                0x0000000008000eb4                vTaskDelay
 .text.vTaskStartScheduler
                0x0000000008000f1c       0xa4 ./Common/FreeRTOS/tasks.o
                0x0000000008000f1c                vTaskStartScheduler
 .text.vTaskSuspendAll
                0x0000000008000fc0       0x1c ./Common/FreeRTOS/tasks.o
                0x0000000008000fc0                vTaskSuspendAll
 .text.xTaskResumeAll
                0x0000000008000fdc      0x1f8 ./Common/FreeRTOS/tasks.o
                0x0000000008000fdc                xTaskResumeAll
 .text.xTaskGetTickCount
                0x00000000080011d4       0x20 ./Common/FreeRTOS/tasks.o
                0x00000000080011d4                xTaskGetTickCount
 .text.xTaskIncrementTick
                0x00000000080011f4      0x22c ./Common/FreeRTOS/tasks.o
                0x00000000080011f4                xTaskIncrementTick
 .text.vTaskSwitchContext
                0x0000000008001420       0xb8 ./Common/FreeRTOS/tasks.o
                0x0000000008001420                vTaskSwitchContext
 .text.vTaskPlaceOnEventList
                0x00000000080014d8       0x48 ./Common/FreeRTOS/tasks.o
                0x00000000080014d8                vTaskPlaceOnEventList
 .text.vTaskPlaceOnEventListRestricted
                0x0000000008001520       0x8c ./Common/FreeRTOS/tasks.o
                0x0000000008001520                vTaskPlaceOnEventListRestricted
 .text.xTaskRemoveFromEventList
                0x00000000080015ac      0x1ac ./Common/FreeRTOS/tasks.o
                0x00000000080015ac                xTaskRemoveFromEventList
 .text.vTaskInternalSetTimeOutState
                0x0000000008001758       0x2c ./Common/FreeRTOS/tasks.o
                0x0000000008001758                vTaskInternalSetTimeOutState
 .text.xTaskCheckForTimeOut
                0x0000000008001784       0xcc ./Common/FreeRTOS/tasks.o
                0x0000000008001784                xTaskCheckForTimeOut
 .text.vTaskMissedYield
                0x0000000008001850       0x18 ./Common/FreeRTOS/tasks.o
                0x0000000008001850                vTaskMissedYield
 .text.prvIdleTask
                0x0000000008001868       0x30 ./Common/FreeRTOS/tasks.o
 .text.prvInitialiseTaskLists
                0x0000000008001898       0x80 ./Common/FreeRTOS/tasks.o
 .text.prvCheckTasksWaitingTermination
                0x0000000008001918       0x5c ./Common/FreeRTOS/tasks.o
 .text.prvDeleteTCB
                0x0000000008001974       0x20 ./Common/FreeRTOS/tasks.o
 .text.prvResetNextTaskUnblockTime
                0x0000000008001994       0x38 ./Common/FreeRTOS/tasks.o
 .text.xTaskGetSchedulerState
                0x00000000080019cc       0x3c ./Common/FreeRTOS/tasks.o
                0x00000000080019cc                xTaskGetSchedulerState
 .text.xTaskGenericNotifyWait
                0x0000000008001a08      0x100 ./Common/FreeRTOS/tasks.o
                0x0000000008001a08                xTaskGenericNotifyWait
 .text.xTaskGenericNotify
                0x0000000008001b08      0x244 ./Common/FreeRTOS/tasks.o
                0x0000000008001b08                xTaskGenericNotify
 .text.prvAddCurrentTaskToDelayedList
                0x0000000008001d4c      0x100 ./Common/FreeRTOS/tasks.o
 .text.xTimerCreateTimerTask
                0x0000000008001e4c       0x64 ./Common/FreeRTOS/timers.o
                0x0000000008001e4c                xTimerCreateTimerTask
 .text.prvReloadTimer
                0x0000000008001eb0       0x42 ./Common/FreeRTOS/timers.o
 *fill*         0x0000000008001ef2        0x2 
 .text.prvProcessExpiredTimer
                0x0000000008001ef4       0x60 ./Common/FreeRTOS/timers.o
 .text.prvTimerTask
                0x0000000008001f54       0x24 ./Common/FreeRTOS/timers.o
 .text.prvProcessTimerOrBlockTask
                0x0000000008001f78       0x9c ./Common/FreeRTOS/timers.o
 .text.prvGetNextExpireTime
                0x0000000008002014       0x48 ./Common/FreeRTOS/timers.o
 .text.prvSampleTimeNow
                0x000000000800205c       0x40 ./Common/FreeRTOS/timers.o
 .text.prvInsertTimerInActiveList
                0x000000000800209c       0x84 ./Common/FreeRTOS/timers.o
 .text.prvProcessReceivedCommands
                0x0000000008002120      0x17c ./Common/FreeRTOS/timers.o
 .text.prvSwitchTimerLists
                0x000000000800229c       0x4c ./Common/FreeRTOS/timers.o
 .text.prvCheckForValidListAndQueue
                0x00000000080022e8       0x6c ./Common/FreeRTOS/timers.o
 .text.pxPortInitialiseStack
                0x0000000008002354       0x68 ./Common/FreeRTOS/portable/GCC/ARM_CM4F/port.o
                0x0000000008002354                pxPortInitialiseStack
 .text.prvTaskExitError
                0x00000000080023bc       0x58 ./Common/FreeRTOS/portable/GCC/ARM_CM4F/port.o
 *fill*         0x0000000008002414        0xc 
 .text.SVC_Handler
                0x0000000008002420       0x28 ./Common/FreeRTOS/portable/GCC/ARM_CM4F/port.o
                0x0000000008002420                SVC_Handler
 .text.prvPortStartFirstTask
                0x0000000008002448       0x2c ./Common/FreeRTOS/portable/GCC/ARM_CM4F/port.o
 .text.xPortStartScheduler
                0x0000000008002474      0x144 ./Common/FreeRTOS/portable/GCC/ARM_CM4F/port.o
                0x0000000008002474                xPortStartScheduler
 .text.vPortEnterCritical
                0x00000000080025b8       0x60 ./Common/FreeRTOS/portable/GCC/ARM_CM4F/port.o
                0x00000000080025b8                vPortEnterCritical
 .text.vPortExitCritical
                0x0000000008002618       0x54 ./Common/FreeRTOS/portable/GCC/ARM_CM4F/port.o
                0x0000000008002618                vPortExitCritical
 *fill*         0x000000000800266c        0x4 
 .text.PendSV_Handler
                0x0000000008002670       0x68 ./Common/FreeRTOS/portable/GCC/ARM_CM4F/port.o
                0x0000000008002670                PendSV_Handler
 .text.SysTick_Handler
                0x00000000080026d8       0x44 ./Common/FreeRTOS/portable/GCC/ARM_CM4F/port.o
                0x00000000080026d8                SysTick_Handler
 .text.vPortSetupTimerInterrupt
                0x000000000800271c       0x48 ./Common/FreeRTOS/portable/GCC/ARM_CM4F/port.o
                0x000000000800271c                vPortSetupTimerInterrupt
 .text.vPortEnableVFP
                0x0000000008002764       0x18 ./Common/FreeRTOS/portable/GCC/ARM_CM4F/port.o
 .text.pvPortMalloc
                0x000000000800277c      0x174 ./Common/FreeRTOS/portable/MemMang/heap_4.o
                0x000000000800277c                pvPortMalloc
 .text.vPortFree
                0x00000000080028f0       0xb8 ./Common/FreeRTOS/portable/MemMang/heap_4.o
                0x00000000080028f0                vPortFree
 .text.prvHeapInit
                0x00000000080029a8       0xb8 ./Common/FreeRTOS/portable/MemMang/heap_4.o
 .text.prvInsertBlockIntoFreeList
                0x0000000008002a60       0xb4 ./Common/FreeRTOS/portable/MemMang/heap_4.o
 .text.main     0x0000000008002b14      0x120 ./Core/Src/main.o
                0x0000000008002b14                main
 .text.SystemClock_Config
                0x0000000008002c34       0xb8 ./Core/Src/main.o
                0x0000000008002c34                SystemClock_Config
 .text.MX_GPIO_Init
                0x0000000008002cec       0xa4 ./Core/Src/main.o
 .text.task1_handler
                0x0000000008002d90       0x20 ./Core/Src/main.o
 .text.task2_handler
                0x0000000008002db0       0x20 ./Core/Src/main.o
 .text.task3_handler
                0x0000000008002dd0       0x38 ./Core/Src/main.o
 .text.task4_handler
                0x0000000008002e08       0x44 ./Core/Src/main.o
 .text.HAL_TIM_PeriodElapsedCallback
                0x0000000008002e4c       0x24 ./Core/Src/main.o
                0x0000000008002e4c                HAL_TIM_PeriodElapsedCallback
 .text.Error_Handler
                0x0000000008002e70        0xa ./Core/Src/main.o
                0x0000000008002e70                Error_Handler
 *fill*         0x0000000008002e7a        0x2 
 .text.HAL_MspInit
                0x0000000008002e7c       0x50 ./Core/Src/stm32f4xx_hal_msp.o
                0x0000000008002e7c                HAL_MspInit
 .text.HAL_InitTick
                0x0000000008002ecc       0xe4 ./Core/Src/stm32f4xx_hal_timebase_tim.o
                0x0000000008002ecc                HAL_InitTick
 .text.NMI_Handler
                0x0000000008002fb0        0x6 ./Core/Src/stm32f4xx_it.o
                0x0000000008002fb0                NMI_Handler
 .text.HardFault_Handler
                0x0000000008002fb6        0x6 ./Core/Src/stm32f4xx_it.o
                0x0000000008002fb6                HardFault_Handler
 .text.MemManage_Handler
                0x0000000008002fbc        0x6 ./Core/Src/stm32f4xx_it.o
                0x0000000008002fbc                MemManage_Handler
 .text.BusFault_Handler
                0x0000000008002fc2        0x6 ./Core/Src/stm32f4xx_it.o
                0x0000000008002fc2                BusFault_Handler
 .text.UsageFault_Handler
                0x0000000008002fc8        0x6 ./Core/Src/stm32f4xx_it.o
                0x0000000008002fc8                UsageFault_Handler
 .text.DebugMon_Handler
                0x0000000008002fce        0xe ./Core/Src/stm32f4xx_it.o
                0x0000000008002fce                DebugMon_Handler
 .text.TIM1_UP_TIM10_IRQHandler
                0x0000000008002fdc       0x14 ./Core/Src/stm32f4xx_it.o
                0x0000000008002fdc                TIM1_UP_TIM10_IRQHandler
 .text.SystemInit
                0x0000000008002ff0       0x24 ./Core/Src/system_stm32f4xx.o
                0x0000000008002ff0                SystemInit
 .text.Reset_Handler
                0x0000000008003014       0x50 ./Core/Startup/startup_stm32f411vetx.o
                0x0000000008003014                Reset_Handler
 .text.Default_Handler
                0x0000000008003064        0x2 ./Core/Startup/startup_stm32f411vetx.o
                0x0000000008003064                RTC_Alarm_IRQHandler
                0x0000000008003064                EXTI2_IRQHandler
                0x0000000008003064                SPI4_IRQHandler
                0x0000000008003064                TIM1_CC_IRQHandler
                0x0000000008003064                DMA2_Stream5_IRQHandler
                0x0000000008003064                DMA1_Stream5_IRQHandler
                0x0000000008003064                PVD_IRQHandler
                0x0000000008003064                SDIO_IRQHandler
                0x0000000008003064                TAMP_STAMP_IRQHandler
                0x0000000008003064                EXTI3_IRQHandler
                0x0000000008003064                I2C3_ER_IRQHandler
                0x0000000008003064                EXTI0_IRQHandler
                0x0000000008003064                I2C2_EV_IRQHandler
                0x0000000008003064                DMA1_Stream2_IRQHandler
                0x0000000008003064                FPU_IRQHandler
                0x0000000008003064                DMA2_Stream2_IRQHandler
                0x0000000008003064                SPI1_IRQHandler
                0x0000000008003064                TIM1_BRK_TIM9_IRQHandler
                0x0000000008003064                DMA2_Stream3_IRQHandler
                0x0000000008003064                USART6_IRQHandler
                0x0000000008003064                DMA2_Stream0_IRQHandler
                0x0000000008003064                TIM4_IRQHandler
                0x0000000008003064                I2C1_EV_IRQHandler
                0x0000000008003064                DMA1_Stream6_IRQHandler
                0x0000000008003064                DMA1_Stream1_IRQHandler
                0x0000000008003064                TIM3_IRQHandler
                0x0000000008003064                RCC_IRQHandler
                0x0000000008003064                Default_Handler
                0x0000000008003064                EXTI15_10_IRQHandler
                0x0000000008003064                ADC_IRQHandler
                0x0000000008003064                DMA1_Stream7_IRQHandler
                0x0000000008003064                SPI5_IRQHandler
                0x0000000008003064                TIM5_IRQHandler
                0x0000000008003064                DMA2_Stream7_IRQHandler
                0x0000000008003064                I2C3_EV_IRQHandler
                0x0000000008003064                EXTI9_5_IRQHandler
                0x0000000008003064                RTC_WKUP_IRQHandler
                0x0000000008003064                SPI2_IRQHandler
                0x0000000008003064                DMA1_Stream0_IRQHandler
                0x0000000008003064                EXTI4_IRQHandler
                0x0000000008003064                WWDG_IRQHandler
                0x0000000008003064                TIM2_IRQHandler
                0x0000000008003064                OTG_FS_WKUP_IRQHandler
                0x0000000008003064                TIM1_TRG_COM_TIM11_IRQHandler
                0x0000000008003064                EXTI1_IRQHandler
                0x0000000008003064                USART2_IRQHandler
                0x0000000008003064                I2C2_ER_IRQHandler
                0x0000000008003064                DMA2_Stream1_IRQHandler
                0x0000000008003064                FLASH_IRQHandler
                0x0000000008003064                DMA2_Stream4_IRQHandler
                0x0000000008003064                USART1_IRQHandler
                0x0000000008003064                OTG_FS_IRQHandler
                0x0000000008003064                SPI3_IRQHandler
                0x0000000008003064                DMA1_Stream4_IRQHandler
                0x0000000008003064                I2C1_ER_IRQHandler
                0x0000000008003064                DMA2_Stream6_IRQHandler
                0x0000000008003064                DMA1_Stream3_IRQHandler
 *fill*         0x0000000008003066        0x2 
 .text.HAL_Init
                0x0000000008003068       0x44 ./Drivers/STM32F4xx_HAL_Driver/Src/stm32f4xx_hal.o
                0x0000000008003068                HAL_Init
 .text.HAL_IncTick
                0x00000000080030ac       0x28 ./Drivers/STM32F4xx_HAL_Driver/Src/stm32f4xx_hal.o
                0x00000000080030ac                HAL_IncTick
 .text.HAL_GetTick
                0x00000000080030d4       0x18 ./Drivers/STM32F4xx_HAL_Driver/Src/stm32f4xx_hal.o
                0x00000000080030d4                HAL_GetTick
 .text.__NVIC_SetPriorityGrouping
                0x00000000080030ec       0x48 ./Drivers/STM32F4xx_HAL_Driver/Src/stm32f4xx_hal_cortex.o
 .text.__NVIC_GetPriorityGrouping
                0x0000000008003134       0x1c ./Drivers/STM32F4xx_HAL_Driver/Src/stm32f4xx_hal_cortex.o
 .text.__NVIC_EnableIRQ
                0x0000000008003150       0x3c ./Drivers/STM32F4xx_HAL_Driver/Src/stm32f4xx_hal_cortex.o
 .text.__NVIC_SetPriority
                0x000000000800318c       0x54 ./Drivers/STM32F4xx_HAL_Driver/Src/stm32f4xx_hal_cortex.o
 .text.NVIC_EncodePriority
                0x00000000080031e0       0x66 ./Drivers/STM32F4xx_HAL_Driver/Src/stm32f4xx_hal_cortex.o
 .text.HAL_NVIC_SetPriorityGrouping
                0x0000000008003246       0x16 ./Drivers/STM32F4xx_HAL_Driver/Src/stm32f4xx_hal_cortex.o
                0x0000000008003246                HAL_NVIC_SetPriorityGrouping
 .text.HAL_NVIC_SetPriority
                0x000000000800325c       0x38 ./Drivers/STM32F4xx_HAL_Driver/Src/stm32f4xx_hal_cortex.o
                0x000000000800325c                HAL_NVIC_SetPriority
 .text.HAL_NVIC_EnableIRQ
                0x0000000008003294       0x1c ./Drivers/STM32F4xx_HAL_Driver/Src/stm32f4xx_hal_cortex.o
                0x0000000008003294                HAL_NVIC_EnableIRQ
 .text.HAL_GPIO_Init
                0x00000000080032b0      0x308 ./Drivers/STM32F4xx_HAL_Driver/Src/stm32f4xx_hal_gpio.o
                0x00000000080032b0                HAL_GPIO_Init
 .text.HAL_GPIO_WritePin
                0x00000000080035b8       0x32 ./Drivers/STM32F4xx_HAL_Driver/Src/stm32f4xx_hal_gpio.o
                0x00000000080035b8                HAL_GPIO_WritePin
 .text.HAL_GPIO_TogglePin
                0x00000000080035ea       0x34 ./Drivers/STM32F4xx_HAL_Driver/Src/stm32f4xx_hal_gpio.o
                0x00000000080035ea                HAL_GPIO_TogglePin
 *fill*         0x000000000800361e        0x2 
 .text.HAL_RCC_OscConfig
                0x0000000008003620      0x4f0 ./Drivers/STM32F4xx_HAL_Driver/Src/stm32f4xx_hal_rcc.o
                0x0000000008003620                HAL_RCC_OscConfig
 .text.HAL_RCC_ClockConfig
                0x0000000008003b10      0x1cc ./Drivers/STM32F4xx_HAL_Driver/Src/stm32f4xx_hal_rcc.o
                0x0000000008003b10                HAL_RCC_ClockConfig
 .text.HAL_RCC_GetSysClockFreq
                0x0000000008003cdc      0x20c ./Drivers/STM32F4xx_HAL_Driver/Src/stm32f4xx_hal_rcc.o
                0x0000000008003cdc                HAL_RCC_GetSysClockFreq
 .text.HAL_RCC_GetHCLKFreq
                0x0000000008003ee8       0x18 ./Drivers/STM32F4xx_HAL_Driver/Src/stm32f4xx_hal_rcc.o
                0x0000000008003ee8                HAL_RCC_GetHCLKFreq
 .text.HAL_RCC_GetPCLK2Freq
                0x0000000008003f00       0x28 ./Drivers/STM32F4xx_HAL_Driver/Src/stm32f4xx_hal_rcc.o
                0x0000000008003f00                HAL_RCC_GetPCLK2Freq
 .text.HAL_RCC_GetClockConfig
                0x0000000008003f28       0x64 ./Drivers/STM32F4xx_HAL_Driver/Src/stm32f4xx_hal_rcc.o
                0x0000000008003f28                HAL_RCC_GetClockConfig
 .text.HAL_TIM_Base_Init
                0x0000000008003f8c       0x9e ./Drivers/STM32F4xx_HAL_Driver/Src/stm32f4xx_hal_tim.o
                0x0000000008003f8c                HAL_TIM_Base_Init
 .text.HAL_TIM_Base_MspInit
                0x000000000800402a       0x14 ./Drivers/STM32F4xx_HAL_Driver/Src/stm32f4xx_hal_tim.o
                0x000000000800402a                HAL_TIM_Base_MspInit
 *fill*         0x000000000800403e        0x2 
 .text.HAL_TIM_Base_Start_IT
                0x0000000008004040       0xc4 ./Drivers/STM32F4xx_HAL_Driver/Src/stm32f4xx_hal_tim.o
                0x0000000008004040                HAL_TIM_Base_Start_IT
 .text.HAL_TIM_IRQHandler
                0x0000000008004104      0x1e0 ./Drivers/STM32F4xx_HAL_Driver/Src/stm32f4xx_hal_tim.o
                0x0000000008004104                HAL_TIM_IRQHandler
 .text.HAL_TIM_OC_DelayElapsedCallback
                0x00000000080042e4       0x14 ./Drivers/STM32F4xx_HAL_Driver/Src/stm32f4xx_hal_tim.o
                0x00000000080042e4                HAL_TIM_OC_DelayElapsedCallback
 .text.HAL_TIM_IC_CaptureCallback
                0x00000000080042f8       0x14 ./Drivers/STM32F4xx_HAL_Driver/Src/stm32f4xx_hal_tim.o
                0x00000000080042f8                HAL_TIM_IC_CaptureCallback
 .text.HAL_TIM_PWM_PulseFinishedCallback
                0x000000000800430c       0x14 ./Drivers/STM32F4xx_HAL_Driver/Src/stm32f4xx_hal_tim.o
                0x000000000800430c                HAL_TIM_PWM_PulseFinishedCallback
 .text.HAL_TIM_TriggerCallback
                0x0000000008004320       0x14 ./Drivers/STM32F4xx_HAL_Driver/Src/stm32f4xx_hal_tim.o
                0x0000000008004320                HAL_TIM_TriggerCallback
 .text.TIM_Base_SetConfig
                0x0000000008004334      0x118 ./Drivers/STM32F4xx_HAL_Driver/Src/stm32f4xx_hal_tim.o
                0x0000000008004334                TIM_Base_SetConfig
 .text.HAL_TIMEx_CommutCallback
                0x000000000800444c       0x14 ./Drivers/STM32F4xx_HAL_Driver/Src/stm32f4xx_hal_tim_ex.o
                0x000000000800444c                HAL_TIMEx_CommutCallback
 .text.HAL_TIMEx_BreakCallback
                0x0000000008004460       0x14 ./Drivers/STM32F4xx_HAL_Driver/Src/stm32f4xx_hal_tim_ex.o
                0x0000000008004460                HAL_TIMEx_BreakCallback
 .text.memset   0x0000000008004474       0x10 C:/ST/STM32CubeIDE_1.14.0/STM32CubeIDE/plugins/com.st.stm32cube.ide.mcu.externaltools.gnu-tools-for-stm32.11.3.rel1.win32_1.1.100.202309141235/tools/bin/../lib/gcc/arm-none-eabi/11.3.1/../../../../arm-none-eabi/lib/thumb/v7e-m+fp/hard\libc_nano.a(libc_a-memset.o)
                0x0000000008004474                memset
 .text.__libc_init_array
                0x0000000008004484       0x48 C:/ST/STM32CubeIDE_1.14.0/STM32CubeIDE/plugins/com.st.stm32cube.ide.mcu.externaltools.gnu-tools-for-stm32.11.3.rel1.win32_1.1.100.202309141235/tools/bin/../lib/gcc/arm-none-eabi/11.3.1/../../../../arm-none-eabi/lib/thumb/v7e-m+fp/hard\libc_nano.a(libc_a-init.o)
                0x0000000008004484                __libc_init_array
 .text.memcpy   0x00000000080044cc       0x1c C:/ST/STM32CubeIDE_1.14.0/STM32CubeIDE/plugins/com.st.stm32cube.ide.mcu.externaltools.gnu-tools-for-stm32.11.3.rel1.win32_1.1.100.202309141235/tools/bin/../lib/gcc/arm-none-eabi/11.3.1/../../../../arm-none-eabi/lib/thumb/v7e-m+fp/hard\libc_nano.a(libc_a-memcpy-stub.o)
                0x00000000080044cc                memcpy
 *(.glue_7)
 .glue_7        0x00000000080044e8        0x0 linker stubs
 *(.glue_7t)
 .glue_7t       0x00000000080044e8        0x0 linker stubs
 *(.eh_frame)
 .eh_frame      0x00000000080044e8        0x0 C:/ST/STM32CubeIDE_1.14.0/STM32CubeIDE/plugins/com.st.stm32cube.ide.mcu.externaltools.gnu-tools-for-stm32.11.3.rel1.win32_1.1.100.202309141235/tools/bin/../lib/gcc/arm-none-eabi/11.3.1/thumb/v7e-m+fp/hard/crtbegin.o
 *(.init)
 .init          0x00000000080044e8        0x4 C:/ST/STM32CubeIDE_1.14.0/STM32CubeIDE/plugins/com.st.stm32cube.ide.mcu.externaltools.gnu-tools-for-stm32.11.3.rel1.win32_1.1.100.202309141235/tools/bin/../lib/gcc/arm-none-eabi/11.3.1/thumb/v7e-m+fp/hard/crti.o
                0x00000000080044e8                _init
 .init          0x00000000080044ec        0x8 C:/ST/STM32CubeIDE_1.14.0/STM32CubeIDE/plugins/com.st.stm32cube.ide.mcu.externaltools.gnu-tools-for-stm32.11.3.rel1.win32_1.1.100.202309141235/tools/bin/../lib/gcc/arm-none-eabi/11.3.1/thumb/v7e-m+fp/hard/crtn.o
 *(.fini)
 .fini          0x00000000080044f4        0x4 C:/ST/STM32CubeIDE_1.14.0/STM32CubeIDE/plugins/com.st.stm32cube.ide.mcu.externaltools.gnu-tools-for-stm32.11.3.rel1.win32_1.1.100.202309141235/tools/bin/../lib/gcc/arm-none-eabi/11.3.1/thumb/v7e-m+fp/hard/crti.o
                0x00000000080044f4                _fini
 .fini          0x00000000080044f8        0x8 C:/ST/STM32CubeIDE_1.14.0/STM32CubeIDE/plugins/com.st.stm32cube.ide.mcu.externaltools.gnu-tools-for-stm32.11.3.rel1.win32_1.1.100.202309141235/tools/bin/../lib/gcc/arm-none-eabi/11.3.1/thumb/v7e-m+fp/hard/crtn.o
                0x0000000008004500                . = ALIGN (0x4)
                0x0000000008004500                _etext = .

.vfp11_veneer   0x0000000008004500        0x0
 .vfp11_veneer  0x0000000008004500        0x0 linker stubs

.v4_bx          0x0000000008004500        0x0
 .v4_bx         0x0000000008004500        0x0 linker stubs

.iplt           0x0000000008004500        0x0
 .iplt          0x0000000008004500        0x0 C:/ST/STM32CubeIDE_1.14.0/STM32CubeIDE/plugins/com.st.stm32cube.ide.mcu.externaltools.gnu-tools-for-stm32.11.3.rel1.win32_1.1.100.202309141235/tools/bin/../lib/gcc/arm-none-eabi/11.3.1/thumb/v7e-m+fp/hard/crtbegin.o

.rodata         0x0000000008004500       0xb0
                0x0000000008004500                . = ALIGN (0x4)
 *(.rodata)
 .rodata        0x0000000008004500        0x5 ./Common/FreeRTOS/tasks.o
 *fill*         0x0000000008004505        0x3 
 .rodata        0x0000000008004508        0xd ./Common/FreeRTOS/timers.o
 *fill*         0x0000000008004515        0x3 
 .rodata        0x0000000008004518       0x80 ./Core/Src/main.o
 *(.rodata*)
 .rodata.AHBPrescTable
                0x0000000008004598       0x10 ./Core/Src/system_stm32f4xx.o
                0x0000000008004598                AHBPrescTable
 .rodata.APBPrescTable
                0x00000000080045a8        0x8 ./Core/Src/system_stm32f4xx.o
                0x00000000080045a8                APBPrescTable
                0x00000000080045b0                . = ALIGN (0x4)

.ARM.extab      0x00000000080045b0        0x0
                0x00000000080045b0                . = ALIGN (0x4)
 *(.ARM.extab* .gnu.linkonce.armextab.*)
                0x00000000080045b0                . = ALIGN (0x4)

.ARM            0x00000000080045b0        0x8
                0x00000000080045b0                . = ALIGN (0x4)
                0x00000000080045b0                __exidx_start = .
 *(.ARM.exidx*)
 .ARM.exidx     0x00000000080045b0        0x8 C:/ST/STM32CubeIDE_1.14.0/STM32CubeIDE/plugins/com.st.stm32cube.ide.mcu.externaltools.gnu-tools-for-stm32.11.3.rel1.win32_1.1.100.202309141235/tools/bin/../lib/gcc/arm-none-eabi/11.3.1/thumb/v7e-m+fp/hard\libgcc.a(_udivmoddi4.o)
                0x00000000080045b8                __exidx_end = .
                0x00000000080045b8                . = ALIGN (0x4)

.rel.dyn        0x00000000080045b8        0x0
 .rel.iplt      0x00000000080045b8        0x0 C:/ST/STM32CubeIDE_1.14.0/STM32CubeIDE/plugins/com.st.stm32cube.ide.mcu.externaltools.gnu-tools-for-stm32.11.3.rel1.win32_1.1.100.202309141235/tools/bin/../lib/gcc/arm-none-eabi/11.3.1/thumb/v7e-m+fp/hard/crtbegin.o

.preinit_array  0x00000000080045b8        0x0
                0x00000000080045b8                . = ALIGN (0x4)
                0x00000000080045b8                PROVIDE (__preinit_array_start = .)
 *(.preinit_array*)
                0x00000000080045b8                PROVIDE (__preinit_array_end = .)
                0x00000000080045b8                . = ALIGN (0x4)

.init_array     0x00000000080045b8        0x4
                0x00000000080045b8                . = ALIGN (0x4)
                0x00000000080045b8                PROVIDE (__init_array_start = .)
 *(SORT_BY_NAME(.init_array.*))
 *(.init_array*)
 .init_array    0x00000000080045b8        0x4 C:/ST/STM32CubeIDE_1.14.0/STM32CubeIDE/plugins/com.st.stm32cube.ide.mcu.externaltools.gnu-tools-for-stm32.11.3.rel1.win32_1.1.100.202309141235/tools/bin/../lib/gcc/arm-none-eabi/11.3.1/thumb/v7e-m+fp/hard/crtbegin.o
                0x00000000080045bc                PROVIDE (__init_array_end = .)
                0x00000000080045bc                . = ALIGN (0x4)

.fini_array     0x00000000080045bc        0x4
                0x00000000080045bc                . = ALIGN (0x4)
                [!provide]                        PROVIDE (__fini_array_start = .)
 *(SORT_BY_NAME(.fini_array.*))
 *(.fini_array*)
 .fini_array    0x00000000080045bc        0x4 C:/ST/STM32CubeIDE_1.14.0/STM32CubeIDE/plugins/com.st.stm32cube.ide.mcu.externaltools.gnu-tools-for-stm32.11.3.rel1.win32_1.1.100.202309141235/tools/bin/../lib/gcc/arm-none-eabi/11.3.1/thumb/v7e-m+fp/hard/crtbegin.o
                [!provide]                        PROVIDE (__fini_array_end = .)
                0x00000000080045c0                . = ALIGN (0x4)
                0x00000000080045c0                _sidata = LOADADDR (.data)

.data           0x0000000020000000       0x14 load address 0x00000000080045c0
                0x0000000020000000                . = ALIGN (0x4)
                0x0000000020000000                _sdata = .
 *(.data)
 *(.data*)
 .data.uxTopUsedPriority
                0x0000000020000000        0x4 ./Common/FreeRTOS/tasks.o
                0x0000000020000000                uxTopUsedPriority
 .data.uxCriticalNesting
                0x0000000020000004        0x4 ./Common/FreeRTOS/portable/GCC/ARM_CM4F/port.o
 .data.SystemCoreClock
                0x0000000020000008        0x4 ./Core/Src/system_stm32f4xx.o
                0x0000000020000008                SystemCoreClock
 .data.uwTickPrio
                0x000000002000000c        0x4 ./Drivers/STM32F4xx_HAL_Driver/Src/stm32f4xx_hal.o
                0x000000002000000c                uwTickPrio
 .data.uwTickFreq
                0x0000000020000010        0x1 ./Drivers/STM32F4xx_HAL_Driver/Src/stm32f4xx_hal.o
                0x0000000020000010                uwTickFreq
 *(.RamFunc)
 *(.RamFunc*)
                0x0000000020000014                . = ALIGN (0x4)
 *fill*         0x0000000020000011        0x3 
                0x0000000020000014                _edata = .

.igot.plt       0x0000000020000014        0x0 load address 0x00000000080045d4
 .igot.plt      0x0000000020000014        0x0 C:/ST/STM32CubeIDE_1.14.0/STM32CubeIDE/plugins/com.st.stm32cube.ide.mcu.externaltools.gnu-tools-for-stm32.11.3.rel1.win32_1.1.100.202309141235/tools/bin/../lib/gcc/arm-none-eabi/11.3.1/thumb/v7e-m+fp/hard/crtbegin.o
                0x0000000020000014                . = ALIGN (0x4)

.bss            0x0000000020000014    0x12e1c load address 0x00000000080045d4
                0x0000000020000014                _sbss = .
                0x0000000020000014                __bss_start__ = _sbss
 *(.bss)
 .bss           0x0000000020000014       0x1c C:/ST/STM32CubeIDE_1.14.0/STM32CubeIDE/plugins/com.st.stm32cube.ide.mcu.externaltools.gnu-tools-for-stm32.11.3.rel1.win32_1.1.100.202309141235/tools/bin/../lib/gcc/arm-none-eabi/11.3.1/thumb/v7e-m+fp/hard/crtbegin.o
 *(.bss*)
 .bss.xQueueRegistry
                0x0000000020000030       0x40 ./Common/FreeRTOS/queue.o
                0x0000000020000030                xQueueRegistry
 .bss.pxCurrentTCB
                0x0000000020000070        0x4 ./Common/FreeRTOS/tasks.o
                0x0000000020000070                pxCurrentTCB
 .bss.pxReadyTasksLists
                0x0000000020000074       0x64 ./Common/FreeRTOS/tasks.o
 .bss.xDelayedTaskList1
                0x00000000200000d8       0x14 ./Common/FreeRTOS/tasks.o
 .bss.xDelayedTaskList2
                0x00000000200000ec       0x14 ./Common/FreeRTOS/tasks.o
 .bss.pxDelayedTaskList
                0x0000000020000100        0x4 ./Common/FreeRTOS/tasks.o
 .bss.pxOverflowDelayedTaskList
                0x0000000020000104        0x4 ./Common/FreeRTOS/tasks.o
 .bss.xPendingReadyList
                0x0000000020000108       0x14 ./Common/FreeRTOS/tasks.o
 .bss.xTasksWaitingTermination
                0x000000002000011c       0x14 ./Common/FreeRTOS/tasks.o
 .bss.uxDeletedTasksWaitingCleanUp
                0x0000000020000130        0x4 ./Common/FreeRTOS/tasks.o
 .bss.xSuspendedTaskList
                0x0000000020000134       0x14 ./Common/FreeRTOS/tasks.o
 .bss.uxCurrentNumberOfTasks
                0x0000000020000148        0x4 ./Common/FreeRTOS/tasks.o
 .bss.xTickCount
                0x000000002000014c        0x4 ./Common/FreeRTOS/tasks.o
 .bss.uxTopReadyPriority
                0x0000000020000150        0x4 ./Common/FreeRTOS/tasks.o
 .bss.xSchedulerRunning
                0x0000000020000154        0x4 ./Common/FreeRTOS/tasks.o
 .bss.xPendedTicks
                0x0000000020000158        0x4 ./Common/FreeRTOS/tasks.o
 .bss.xYieldPending
                0x000000002000015c        0x4 ./Common/FreeRTOS/tasks.o
 .bss.xNumOfOverflows
                0x0000000020000160        0x4 ./Common/FreeRTOS/tasks.o
 .bss.uxTaskNumber
                0x0000000020000164        0x4 ./Common/FreeRTOS/tasks.o
 .bss.xNextTaskUnblockTime
                0x0000000020000168        0x4 ./Common/FreeRTOS/tasks.o
 .bss.xIdleTaskHandle
                0x000000002000016c        0x4 ./Common/FreeRTOS/tasks.o
 .bss.uxSchedulerSuspended
                0x0000000020000170        0x4 ./Common/FreeRTOS/tasks.o
 .bss.xActiveTimerList1
                0x0000000020000174       0x14 ./Common/FreeRTOS/timers.o
 .bss.xActiveTimerList2
                0x0000000020000188       0x14 ./Common/FreeRTOS/timers.o
 .bss.pxCurrentTimerList
                0x000000002000019c        0x4 ./Common/FreeRTOS/timers.o
 .bss.pxOverflowTimerList
                0x00000000200001a0        0x4 ./Common/FreeRTOS/timers.o
 .bss.xTimerQueue
                0x00000000200001a4        0x4 ./Common/FreeRTOS/timers.o
 .bss.xTimerTaskHandle
                0x00000000200001a8        0x4 ./Common/FreeRTOS/timers.o
 .bss.xLastTime.0
                0x00000000200001ac        0x4 ./Common/FreeRTOS/timers.o
 .bss.ucMaxSysCallPriority
                0x00000000200001b0        0x1 ./Common/FreeRTOS/portable/GCC/ARM_CM4F/port.o
 *fill*         0x00000000200001b1        0x3 
 .bss.ulMaxPRIGROUPValue
                0x00000000200001b4        0x4 ./Common/FreeRTOS/portable/GCC/ARM_CM4F/port.o
 .bss.ucHeap    0x00000000200001b8    0x12c00 ./Common/FreeRTOS/portable/MemMang/heap_4.o
 .bss.xStart    0x0000000020012db8        0x8 ./Common/FreeRTOS/portable/MemMang/heap_4.o
 .bss.pxEnd     0x0000000020012dc0        0x4 ./Common/FreeRTOS/portable/MemMang/heap_4.o
 .bss.xFreeBytesRemaining
                0x0000000020012dc4        0x4 ./Common/FreeRTOS/portable/MemMang/heap_4.o
 .bss.xMinimumEverFreeBytesRemaining
                0x0000000020012dc8        0x4 ./Common/FreeRTOS/portable/MemMang/heap_4.o
 .bss.xNumberOfSuccessfulAllocations
                0x0000000020012dcc        0x4 ./Common/FreeRTOS/portable/MemMang/heap_4.o
 .bss.xNumberOfSuccessfulFrees
                0x0000000020012dd0        0x4 ./Common/FreeRTOS/portable/MemMang/heap_4.o
 .bss.task1_handle
                0x0000000020012dd4        0x4 ./Core/Src/main.o
                0x0000000020012dd4                task1_handle
 .bss.task2_handle
                0x0000000020012dd8        0x4 ./Core/Src/main.o
                0x0000000020012dd8                task2_handle
 .bss.task3_handle
                0x0000000020012ddc        0x4 ./Core/Src/main.o
                0x0000000020012ddc                task3_handle
 .bss.task4_handle
                0x0000000020012de0        0x4 ./Core/Src/main.o
                0x0000000020012de0                task4_handle
 .bss.htim1     0x0000000020012de4       0x48 ./Core/Src/stm32f4xx_hal_timebase_tim.o
                0x0000000020012de4                htim1
 .bss.uwTick    0x0000000020012e2c        0x4 ./Drivers/STM32F4xx_HAL_Driver/Src/stm32f4xx_hal.o
                0x0000000020012e2c                uwTick
 *(COMMON)
                0x0000000020012e30                . = ALIGN (0x4)
                0x0000000020012e30                _ebss = .
                0x0000000020012e30                __bss_end__ = _ebss

._user_heap_stack
                0x0000000020012e30      0x600 load address 0x00000000080045d4
                0x0000000020012e30                . = ALIGN (0x8)
                0x0000000020012e30                PROVIDE (end = .)
                [!provide]                        PROVIDE (_end = .)
                0x0000000020013030                . = (. + _Min_Heap_Size)
 *fill*         0x0000000020012e30      0x200 
                0x0000000020013430                . = (. + _Min_Stack_Size)
 *fill*         0x0000000020013030      0x400 
                0x0000000020013430                . = ALIGN (0x8)

/DISCARD/
 libc.a(*)
 libm.a(*)
 libgcc.a(*)

.ARM.attributes
                0x0000000000000000       0x30
 *(.ARM.attributes)
 .ARM.attributes
                0x0000000000000000       0x1e C:/ST/STM32CubeIDE_1.14.0/STM32CubeIDE/plugins/com.st.stm32cube.ide.mcu.externaltools.gnu-tools-for-stm32.11.3.rel1.win32_1.1.100.202309141235/tools/bin/../lib/gcc/arm-none-eabi/11.3.1/thumb/v7e-m+fp/hard/crti.o
 .ARM.attributes
                0x000000000000001e       0x34 C:/ST/STM32CubeIDE_1.14.0/STM32CubeIDE/plugins/com.st.stm32cube.ide.mcu.externaltools.gnu-tools-for-stm32.11.3.rel1.win32_1.1.100.202309141235/tools/bin/../lib/gcc/arm-none-eabi/11.3.1/thumb/v7e-m+fp/hard/crtbegin.o
 .ARM.attributes
                0x0000000000000052       0x34 ./Common/FreeRTOS/list.o
 .ARM.attributes
                0x0000000000000086       0x34 ./Common/FreeRTOS/queue.o
 .ARM.attributes
                0x00000000000000ba       0x34 ./Common/FreeRTOS/tasks.o
 .ARM.attributes
                0x00000000000000ee       0x34 ./Common/FreeRTOS/timers.o
 .ARM.attributes
                0x0000000000000122       0x34 ./Common/FreeRTOS/portable/GCC/ARM_CM4F/port.o
 .ARM.attributes
                0x0000000000000156       0x34 ./Common/FreeRTOS/portable/MemMang/heap_4.o
 .ARM.attributes
                0x000000000000018a       0x34 ./Core/Src/main.o
 .ARM.attributes
                0x00000000000001be       0x34 ./Core/Src/stm32f4xx_hal_msp.o
 .ARM.attributes
                0x00000000000001f2       0x34 ./Core/Src/stm32f4xx_hal_timebase_tim.o
 .ARM.attributes
                0x0000000000000226       0x34 ./Core/Src/stm32f4xx_it.o
 .ARM.attributes
                0x000000000000025a       0x34 ./Core/Src/system_stm32f4xx.o
 .ARM.attributes
                0x000000000000028e       0x21 ./Core/Startup/startup_stm32f411vetx.o
 .ARM.attributes
                0x00000000000002af       0x34 ./Drivers/STM32F4xx_HAL_Driver/Src/stm32f4xx_hal.o
 .ARM.attributes
                0x00000000000002e3       0x34 ./Drivers/STM32F4xx_HAL_Driver/Src/stm32f4xx_hal_cortex.o
 .ARM.attributes
                0x0000000000000317       0x34 ./Drivers/STM32F4xx_HAL_Driver/Src/stm32f4xx_hal_gpio.o
 .ARM.attributes
                0x000000000000034b       0x34 ./Drivers/STM32F4xx_HAL_Driver/Src/stm32f4xx_hal_rcc.o
 .ARM.attributes
                0x000000000000037f       0x34 ./Drivers/STM32F4xx_HAL_Driver/Src/stm32f4xx_hal_tim.o
 .ARM.attributes
                0x00000000000003b3       0x34 ./Drivers/STM32F4xx_HAL_Driver/Src/stm32f4xx_hal_tim_ex.o
 .ARM.attributes
                0x00000000000003e7       0x34 C:/ST/STM32CubeIDE_1.14.0/STM32CubeIDE/plugins/com.st.stm32cube.ide.mcu.externaltools.gnu-tools-for-stm32.11.3.rel1.win32_1.1.100.202309141235/tools/bin/../lib/gcc/arm-none-eabi/11.3.1/../../../../arm-none-eabi/lib/thumb/v7e-m+fp/hard\libc_nano.a(libc_a-memset.o)
 .ARM.attributes
                0x000000000000041b       0x34 C:/ST/STM32CubeIDE_1.14.0/STM32CubeIDE/plugins/com.st.stm32cube.ide.mcu.externaltools.gnu-tools-for-stm32.11.3.rel1.win32_1.1.100.202309141235/tools/bin/../lib/gcc/arm-none-eabi/11.3.1/../../../../arm-none-eabi/lib/thumb/v7e-m+fp/hard\libc_nano.a(libc_a-init.o)
 .ARM.attributes
                0x000000000000044f       0x34 C:/ST/STM32CubeIDE_1.14.0/STM32CubeIDE/plugins/com.st.stm32cube.ide.mcu.externaltools.gnu-tools-for-stm32.11.3.rel1.win32_1.1.100.202309141235/tools/bin/../lib/gcc/arm-none-eabi/11.3.1/../../../../arm-none-eabi/lib/thumb/v7e-m+fp/hard\libc_nano.a(libc_a-memcpy-stub.o)
 .ARM.attributes
                0x0000000000000483       0x1e C:/ST/STM32CubeIDE_1.14.0/STM32CubeIDE/plugins/com.st.stm32cube.ide.mcu.externaltools.gnu-tools-for-stm32.11.3.rel1.win32_1.1.100.202309141235/tools/bin/../lib/gcc/arm-none-eabi/11.3.1/thumb/v7e-m+fp/hard\libgcc.a(_aeabi_uldivmod.o)
 .ARM.attributes
                0x00000000000004a1       0x34 C:/ST/STM32CubeIDE_1.14.0/STM32CubeIDE/plugins/com.st.stm32cube.ide.mcu.externaltools.gnu-tools-for-stm32.11.3.rel1.win32_1.1.100.202309141235/tools/bin/../lib/gcc/arm-none-eabi/11.3.1/thumb/v7e-m+fp/hard\libgcc.a(_udivmoddi4.o)
 .ARM.attributes
                0x00000000000004d5       0x1e C:/ST/STM32CubeIDE_1.14.0/STM32CubeIDE/plugins/com.st.stm32cube.ide.mcu.externaltools.gnu-tools-for-stm32.11.3.rel1.win32_1.1.100.202309141235/tools/bin/../lib/gcc/arm-none-eabi/11.3.1/thumb/v7e-m+fp/hard\libgcc.a(_dvmd_tls.o)
 .ARM.attributes
                0x00000000000004f3       0x1e C:/ST/STM32CubeIDE_1.14.0/STM32CubeIDE/plugins/com.st.stm32cube.ide.mcu.externaltools.gnu-tools-for-stm32.11.3.rel1.win32_1.1.100.202309141235/tools/bin/../lib/gcc/arm-none-eabi/11.3.1/thumb/v7e-m+fp/hard/crtn.o
OUTPUT(002Led.elf elf32-littlearm)
LOAD linker stubs
LOAD C:/ST/STM32CubeIDE_1.14.0/STM32CubeIDE/plugins/com.st.stm32cube.ide.mcu.externaltools.gnu-tools-for-stm32.11.3.rel1.win32_1.1.100.202309141235/tools/bin/../lib/gcc/arm-none-eabi/11.3.1/../../../../arm-none-eabi/lib/thumb/v7e-m+fp/hard\libc.a
LOAD C:/ST/STM32CubeIDE_1.14.0/STM32CubeIDE/plugins/com.st.stm32cube.ide.mcu.externaltools.gnu-tools-for-stm32.11.3.rel1.win32_1.1.100.202309141235/tools/bin/../lib/gcc/arm-none-eabi/11.3.1/../../../../arm-none-eabi/lib/thumb/v7e-m+fp/hard\libm.a
LOAD C:/ST/STM32CubeIDE_1.14.0/STM32CubeIDE/plugins/com.st.stm32cube.ide.mcu.externaltools.gnu-tools-for-stm32.11.3.rel1.win32_1.1.100.202309141235/tools/bin/../lib/gcc/arm-none-eabi/11.3.1/thumb/v7e-m+fp/hard\libgcc.a

.comment        0x0000000000000000       0x43
 .comment       0x0000000000000000       0x43 C:/ST/STM32CubeIDE_1.14.0/STM32CubeIDE/plugins/com.st.stm32cube.ide.mcu.externaltools.gnu-tools-for-stm32.11.3.rel1.win32_1.1.100.202309141235/tools/bin/../lib/gcc/arm-none-eabi/11.3.1/thumb/v7e-m+fp/hard/crtbegin.o
                                         0x44 (size before relaxing)
 .comment       0x0000000000000043       0x44 ./Common/FreeRTOS/list.o
 .comment       0x0000000000000043       0x44 ./Common/FreeRTOS/queue.o
 .comment       0x0000000000000043       0x44 ./Common/FreeRTOS/tasks.o
 .comment       0x0000000000000043       0x44 ./Common/FreeRTOS/timers.o
 .comment       0x0000000000000043       0x44 ./Common/FreeRTOS/portable/GCC/ARM_CM4F/port.o
 .comment       0x0000000000000043       0x44 ./Common/FreeRTOS/portable/MemMang/heap_4.o
 .comment       0x0000000000000043       0x44 ./Core/Src/main.o
 .comment       0x0000000000000043       0x44 ./Core/Src/stm32f4xx_hal_msp.o
 .comment       0x0000000000000043       0x44 ./Core/Src/stm32f4xx_hal_timebase_tim.o
 .comment       0x0000000000000043       0x44 ./Core/Src/stm32f4xx_it.o
 .comment       0x0000000000000043       0x44 ./Core/Src/system_stm32f4xx.o
 .comment       0x0000000000000043       0x44 ./Drivers/STM32F4xx_HAL_Driver/Src/stm32f4xx_hal.o
 .comment       0x0000000000000043       0x44 ./Drivers/STM32F4xx_HAL_Driver/Src/stm32f4xx_hal_cortex.o
 .comment       0x0000000000000043       0x44 ./Drivers/STM32F4xx_HAL_Driver/Src/stm32f4xx_hal_gpio.o
 .comment       0x0000000000000043       0x44 ./Drivers/STM32F4xx_HAL_Driver/Src/stm32f4xx_hal_rcc.o
 .comment       0x0000000000000043       0x44 ./Drivers/STM32F4xx_HAL_Driver/Src/stm32f4xx_hal_tim.o
 .comment       0x0000000000000043       0x44 ./Drivers/STM32F4xx_HAL_Driver/Src/stm32f4xx_hal_tim_ex.o

.debug_info     0x0000000000000000     0xe55c
 .debug_info    0x0000000000000000      0x2af ./Common/FreeRTOS/list.o
 .debug_info    0x00000000000002af     0x184f ./Common/FreeRTOS/queue.o
 .debug_info    0x0000000000001afe     0x2408 ./Common/FreeRTOS/tasks.o
 .debug_info    0x0000000000003f06      0xe20 ./Common/FreeRTOS/timers.o
 .debug_info    0x0000000000004d26      0x582 ./Common/FreeRTOS/portable/GCC/ARM_CM4F/port.o
 .debug_info    0x00000000000052a8      0x523 ./Common/FreeRTOS/portable/MemMang/heap_4.o
 .debug_info    0x00000000000057cb      0xfa6 ./Core/Src/main.o
 .debug_info    0x0000000000006771      0x291 ./Core/Src/stm32f4xx_hal_msp.o
 .debug_info    0x0000000000006a02      0xb75 ./Core/Src/stm32f4xx_hal_timebase_tim.o
 .debug_info    0x0000000000007577      0x6a4 ./Core/Src/stm32f4xx_it.o
 .debug_info    0x0000000000007c1b      0x53e ./Core/Src/system_stm32f4xx.o
 .debug_info    0x0000000000008159       0x23 ./Core/Startup/startup_stm32f411vetx.o
 .debug_info    0x000000000000817c      0x8c4 ./Drivers/STM32F4xx_HAL_Driver/Src/stm32f4xx_hal.o
 .debug_info    0x0000000000008a40      0xcc7 ./Drivers/STM32F4xx_HAL_Driver/Src/stm32f4xx_hal_cortex.o
 .debug_info    0x0000000000009707      0x6f9 ./Drivers/STM32F4xx_HAL_Driver/Src/stm32f4xx_hal_gpio.o
 .debug_info    0x0000000000009e00      0x8f2 ./Drivers/STM32F4xx_HAL_Driver/Src/stm32f4xx_hal_rcc.o
 .debug_info    0x000000000000a6f2     0x2996 ./Drivers/STM32F4xx_HAL_Driver/Src/stm32f4xx_hal_tim.o
 .debug_info    0x000000000000d088     0x14d4 ./Drivers/STM32F4xx_HAL_Driver/Src/stm32f4xx_hal_tim_ex.o

.debug_abbrev   0x0000000000000000     0x2725
 .debug_abbrev  0x0000000000000000       0xf5 ./Common/FreeRTOS/list.o
 .debug_abbrev  0x00000000000000f5      0x323 ./Common/FreeRTOS/queue.o
 .debug_abbrev  0x0000000000000418      0x3af ./Common/FreeRTOS/tasks.o
 .debug_abbrev  0x00000000000007c7      0x2cb ./Common/FreeRTOS/timers.o
 .debug_abbrev  0x0000000000000a92      0x25a ./Common/FreeRTOS/portable/GCC/ARM_CM4F/port.o
 .debug_abbrev  0x0000000000000cec      0x256 ./Common/FreeRTOS/portable/MemMang/heap_4.o
 .debug_abbrev  0x0000000000000f42      0x32c ./Core/Src/main.o
 .debug_abbrev  0x000000000000126e       0xd8 ./Core/Src/stm32f4xx_hal_msp.o
 .debug_abbrev  0x0000000000001346      0x207 ./Core/Src/stm32f4xx_hal_timebase_tim.o
 .debug_abbrev  0x000000000000154d      0x190 ./Core/Src/stm32f4xx_it.o
 .debug_abbrev  0x00000000000016dd      0x11a ./Core/Src/system_stm32f4xx.o
 .debug_abbrev  0x00000000000017f7       0x12 ./Core/Startup/startup_stm32f411vetx.o
 .debug_abbrev  0x0000000000001809      0x24b ./Drivers/STM32F4xx_HAL_Driver/Src/stm32f4xx_hal.o
 .debug_abbrev  0x0000000000001a54      0x328 ./Drivers/STM32F4xx_HAL_Driver/Src/stm32f4xx_hal_cortex.o
 .debug_abbrev  0x0000000000001d7c      0x1d3 ./Drivers/STM32F4xx_HAL_Driver/Src/stm32f4xx_hal_gpio.o
 .debug_abbrev  0x0000000000001f4f      0x2b5 ./Drivers/STM32F4xx_HAL_Driver/Src/stm32f4xx_hal_rcc.o
 .debug_abbrev  0x0000000000002204      0x28b ./Drivers/STM32F4xx_HAL_Driver/Src/stm32f4xx_hal_tim.o
 .debug_abbrev  0x000000000000248f      0x296 ./Drivers/STM32F4xx_HAL_Driver/Src/stm32f4xx_hal_tim_ex.o

.debug_aranges  0x0000000000000000      0xeb0
 .debug_aranges
                0x0000000000000000       0x40 ./Common/FreeRTOS/list.o
 .debug_aranges
                0x0000000000000040      0x130 ./Common/FreeRTOS/queue.o
 .debug_aranges
                0x0000000000000170      0x1f8 ./Common/FreeRTOS/tasks.o
 .debug_aranges
                0x0000000000000368       0xe8 ./Common/FreeRTOS/timers.o
 .debug_aranges
                0x0000000000000450       0x88 ./Common/FreeRTOS/portable/GCC/ARM_CM4F/port.o
 .debug_aranges
                0x00000000000004d8       0x60 ./Common/FreeRTOS/portable/MemMang/heap_4.o
 .debug_aranges
                0x0000000000000538       0x60 ./Core/Src/main.o
 .debug_aranges
                0x0000000000000598       0x20 ./Core/Src/stm32f4xx_hal_msp.o
 .debug_aranges
                0x00000000000005b8       0x30 ./Core/Src/stm32f4xx_hal_timebase_tim.o
 .debug_aranges
                0x00000000000005e8       0x50 ./Core/Src/stm32f4xx_it.o
 .debug_aranges
                0x0000000000000638       0x28 ./Core/Src/system_stm32f4xx.o
 .debug_aranges
                0x0000000000000660       0x28 ./Core/Startup/startup_stm32f411vetx.o
 .debug_aranges
                0x0000000000000688       0xf0 ./Drivers/STM32F4xx_HAL_Driver/Src/stm32f4xx_hal.o
 .debug_aranges
                0x0000000000000778      0x120 ./Drivers/STM32F4xx_HAL_Driver/Src/stm32f4xx_hal_cortex.o
 .debug_aranges
                0x0000000000000898       0x58 ./Drivers/STM32F4xx_HAL_Driver/Src/stm32f4xx_hal_gpio.o
 .debug_aranges
                0x00000000000008f0       0x88 ./Drivers/STM32F4xx_HAL_Driver/Src/stm32f4xx_hal_rcc.o
 .debug_aranges
                0x0000000000000978      0x3d0 ./Drivers/STM32F4xx_HAL_Driver/Src/stm32f4xx_hal_tim.o
 .debug_aranges
                0x0000000000000d48      0x168 ./Drivers/STM32F4xx_HAL_Driver/Src/stm32f4xx_hal_tim_ex.o

.debug_rnglists
                0x0000000000000000      0xb4f
 .debug_rnglists
                0x0000000000000000       0x2b ./Common/FreeRTOS/list.o
 .debug_rnglists
                0x000000000000002b       0xec ./Common/FreeRTOS/queue.o
 .debug_rnglists
                0x0000000000000117      0x195 ./Common/FreeRTOS/tasks.o
 .debug_rnglists
                0x00000000000002ac       0xad ./Common/FreeRTOS/timers.o
 .debug_rnglists
                0x0000000000000359       0x64 ./Common/FreeRTOS/portable/GCC/ARM_CM4F/port.o
 .debug_rnglists
                0x00000000000003bd       0x48 ./Common/FreeRTOS/portable/MemMang/heap_4.o
 .debug_rnglists
                0x0000000000000405       0x46 ./Core/Src/main.o
 .debug_rnglists
                0x000000000000044b       0x13 ./Core/Src/stm32f4xx_hal_msp.o
 .debug_rnglists
                0x000000000000045e       0x20 ./Core/Src/stm32f4xx_hal_timebase_tim.o
 .debug_rnglists
                0x000000000000047e       0x37 ./Core/Src/stm32f4xx_it.o
 .debug_rnglists
                0x00000000000004b5       0x1a ./Core/Src/system_stm32f4xx.o
 .debug_rnglists
                0x00000000000004cf       0x19 ./Core/Startup/startup_stm32f411vetx.o
 .debug_rnglists
                0x00000000000004e8       0xaf ./Drivers/STM32F4xx_HAL_Driver/Src/stm32f4xx_hal.o
 .debug_rnglists
                0x0000000000000597       0xd4 ./Drivers/STM32F4xx_HAL_Driver/Src/stm32f4xx_hal_cortex.o
 .debug_rnglists
                0x000000000000066b       0x3f ./Drivers/STM32F4xx_HAL_Driver/Src/stm32f4xx_hal_gpio.o
 .debug_rnglists
                0x00000000000006aa       0x66 ./Drivers/STM32F4xx_HAL_Driver/Src/stm32f4xx_hal_rcc.o
 .debug_rnglists
                0x0000000000000710      0x31a ./Drivers/STM32F4xx_HAL_Driver/Src/stm32f4xx_hal_tim.o
 .debug_rnglists
                0x0000000000000a2a      0x125 ./Drivers/STM32F4xx_HAL_Driver/Src/stm32f4xx_hal_tim_ex.o

.debug_macro    0x0000000000000000    0x15360
 .debug_macro   0x0000000000000000      0x198 ./Common/FreeRTOS/list.o
 .debug_macro   0x0000000000000198      0x22f ./Common/FreeRTOS/queue.o
 .debug_macro   0x00000000000003c7       0x16 ./Common/FreeRTOS/queue.o
 .debug_macro   0x00000000000003dd       0x35 ./Common/FreeRTOS/queue.o
 .debug_macro   0x0000000000000412       0x20 ./Common/FreeRTOS/queue.o
 .debug_macro   0x0000000000000432       0x80 ./Common/FreeRTOS/queue.o
 .debug_macro   0x00000000000004b2      0x27e ./Common/FreeRTOS/tasks.o
 .debug_macro   0x0000000000000730       0x17 ./Common/FreeRTOS/tasks.o
 .debug_macro   0x0000000000000747      0x1e7 ./Common/FreeRTOS/timers.o
 .debug_macro   0x000000000000092e       0x97 ./Common/FreeRTOS/timers.o
 .debug_macro   0x00000000000009c5      0x1a7 ./Common/FreeRTOS/portable/GCC/ARM_CM4F/port.o
 .debug_macro   0x0000000000000b6c      0x219 ./Common/FreeRTOS/portable/MemMang/heap_4.o
 .debug_macro   0x0000000000000d85      0x313 ./Core/Src/main.o
 .debug_macro   0x0000000000001098      0x295 ./Core/Src/main.o
 .debug_macro   0x000000000000132d       0x2e ./Core/Src/main.o
 .debug_macro   0x000000000000135b       0x28 ./Core/Src/main.o
 .debug_macro   0x0000000000001383       0x1c ./Core/Src/main.o
 .debug_macro   0x000000000000139f       0x22 ./Core/Src/main.o
 .debug_macro   0x00000000000013c1       0xfb ./Core/Src/main.o
 .debug_macro   0x00000000000014bc     0x1011 ./Core/Src/main.o
 .debug_macro   0x00000000000024cd      0x11f ./Core/Src/main.o
 .debug_macro   0x00000000000025ec     0xb953 ./Core/Src/main.o
 .debug_macro   0x000000000000df3f       0x6d ./Core/Src/main.o
 .debug_macro   0x000000000000dfac     0x368c ./Core/Src/main.o
 .debug_macro   0x0000000000011638       0x5c ./Core/Src/main.o
 .debug_macro   0x0000000000011694      0x45c ./Core/Src/main.o
 .debug_macro   0x0000000000011af0      0x9e9 ./Core/Src/main.o
 .debug_macro   0x00000000000124d9      0x115 ./Core/Src/main.o
 .debug_macro   0x00000000000125ee      0x11b ./Core/Src/main.o
 .debug_macro   0x0000000000012709       0xa5 ./Core/Src/main.o
 .debug_macro   0x00000000000127ae      0x15f ./Core/Src/main.o
 .debug_macro   0x000000000001290d      0x287 ./Core/Src/main.o
 .debug_macro   0x0000000000012b94       0x5f ./Core/Src/main.o
 .debug_macro   0x0000000000012bf3      0x236 ./Core/Src/main.o
 .debug_macro   0x0000000000012e29      0x132 ./Core/Src/main.o
 .debug_macro   0x0000000000012f5b      0x264 ./Core/Src/main.o
 .debug_macro   0x00000000000131bf       0x2e ./Core/Src/main.o
 .debug_macro   0x00000000000131ed      0x127 ./Core/Src/main.o
 .debug_macro   0x0000000000013314       0x85 ./Core/Src/main.o
 .debug_macro   0x0000000000013399       0x89 ./Core/Src/main.o
 .debug_macro   0x0000000000013422      0x8ed ./Core/Src/main.o
 .debug_macro   0x0000000000013d0f       0x47 ./Core/Src/main.o
 .debug_macro   0x0000000000013d56      0x126 ./Core/Src/main.o
 .debug_macro   0x0000000000013e7c       0xfa ./Core/Src/main.o
 .debug_macro   0x0000000000013f76       0x16 ./Core/Src/main.o
 .debug_macro   0x0000000000013f8c       0x10 ./Core/Src/main.o
 .debug_macro   0x0000000000013f9c       0x16 ./Core/Src/main.o
 .debug_macro   0x0000000000013fb2       0x16 ./Core/Src/main.o
 .debug_macro   0x0000000000013fc8      0x147 ./Core/Src/main.o
 .debug_macro   0x000000000001410f      0x1ce ./Core/Src/stm32f4xx_hal_msp.o
 .debug_macro   0x00000000000142dd      0x1c4 ./Core/Src/stm32f4xx_hal_timebase_tim.o
 .debug_macro   0x00000000000144a1      0x1d8 ./Core/Src/stm32f4xx_it.o
 .debug_macro   0x0000000000014679      0x1c4 ./Core/Src/system_stm32f4xx.o
 .debug_macro   0x000000000001483d      0x224 ./Drivers/STM32F4xx_HAL_Driver/Src/stm32f4xx_hal.o
 .debug_macro   0x0000000000014a61      0x1c4 ./Drivers/STM32F4xx_HAL_Driver/Src/stm32f4xx_hal_cortex.o
 .debug_macro   0x0000000000014c25      0x1ca ./Drivers/STM32F4xx_HAL_Driver/Src/stm32f4xx_hal_gpio.o
 .debug_macro   0x0000000000014def      0x1e8 ./Drivers/STM32F4xx_HAL_Driver/Src/stm32f4xx_hal_rcc.o
 .debug_macro   0x0000000000014fd7      0x1c5 ./Drivers/STM32F4xx_HAL_Driver/Src/stm32f4xx_hal_tim.o
 .debug_macro   0x000000000001519c      0x1c4 ./Drivers/STM32F4xx_HAL_Driver/Src/stm32f4xx_hal_tim_ex.o

.debug_line     0x0000000000000000    0x106b6
 .debug_line    0x0000000000000000      0x7de ./Common/FreeRTOS/list.o
 .debug_line    0x00000000000007de     0x16ea ./Common/FreeRTOS/queue.o
 .debug_line    0x0000000000001ec8     0x1e1e ./Common/FreeRTOS/tasks.o
 .debug_line    0x0000000000003ce6      0xcfe ./Common/FreeRTOS/timers.o
 .debug_line    0x00000000000049e4      0x8f0 ./Common/FreeRTOS/portable/GCC/ARM_CM4F/port.o
 .debug_line    0x00000000000052d4      0xa5f ./Common/FreeRTOS/portable/MemMang/heap_4.o
 .debug_line    0x0000000000005d33      0xb75 ./Core/Src/main.o
 .debug_line    0x00000000000068a8      0x737 ./Core/Src/stm32f4xx_hal_msp.o
 .debug_line    0x0000000000006fdf      0x7a4 ./Core/Src/stm32f4xx_hal_timebase_tim.o
 .debug_line    0x0000000000007783      0x7d3 ./Core/Src/stm32f4xx_it.o
 .debug_line    0x0000000000007f56      0x7b8 ./Core/Src/system_stm32f4xx.o
 .debug_line    0x000000000000870e       0x7a ./Core/Startup/startup_stm32f411vetx.o
 .debug_line    0x0000000000008788      0xa1e ./Drivers/STM32F4xx_HAL_Driver/Src/stm32f4xx_hal.o
 .debug_line    0x00000000000091a6      0xcea ./Drivers/STM32F4xx_HAL_Driver/Src/stm32f4xx_hal_cortex.o
 .debug_line    0x0000000000009e90      0xb56 ./Drivers/STM32F4xx_HAL_Driver/Src/stm32f4xx_hal_gpio.o
 .debug_line    0x000000000000a9e6      0xd97 ./Drivers/STM32F4xx_HAL_Driver/Src/stm32f4xx_hal_rcc.o
 .debug_line    0x000000000000b77d     0x3584 ./Drivers/STM32F4xx_HAL_Driver/Src/stm32f4xx_hal_tim.o
 .debug_line    0x000000000000ed01     0x19b5 ./Drivers/STM32F4xx_HAL_Driver/Src/stm32f4xx_hal_tim_ex.o

.debug_str      0x0000000000000000    0x94a91
 .debug_str     0x0000000000000000     0xaffd ./Common/FreeRTOS/list.o
                                       0xb222 (size before relaxing)
 .debug_str     0x000000000000affd     0x270d ./Common/FreeRTOS/queue.o
                                       0xd921 (size before relaxing)
 .debug_str     0x000000000000d70a     0x1b31 ./Common/FreeRTOS/tasks.o
                                       0xe34b (size before relaxing)
 .debug_str     0x000000000000f23b      0x56e ./Common/FreeRTOS/timers.o
                                       0xdaa1 (size before relaxing)
 .debug_str     0x000000000000f7a9      0x824 ./Common/FreeRTOS/portable/GCC/ARM_CM4F/port.o
                                       0x9a7d (size before relaxing)
 .debug_str     0x000000000000ffcd      0x601 ./Common/FreeRTOS/portable/MemMang/heap_4.o
                                       0xca4c (size before relaxing)
 .debug_str     0x00000000000105ce    0x81e74 ./Core/Src/main.o
                                      0x8e2c6 (size before relaxing)
 .debug_str     0x0000000000092442       0x2c ./Core/Src/stm32f4xx_hal_msp.o
                                      0x85124 (size before relaxing)
 .debug_str     0x000000000009246e      0x4b5 ./Core/Src/stm32f4xx_hal_timebase_tim.o
                                      0x85b63 (size before relaxing)
 .debug_str     0x0000000000092923       0xbe ./Core/Src/stm32f4xx_it.o
                                      0x855c8 (size before relaxing)
 .debug_str     0x00000000000929e1       0xcb ./Core/Src/system_stm32f4xx.o
                                      0x851d4 (size before relaxing)
 .debug_str     0x0000000000092aac       0x34 ./Core/Startup/startup_stm32f411vetx.o
                                         0x72 (size before relaxing)
 .debug_str     0x0000000000092ae0      0x5d3 ./Drivers/STM32F4xx_HAL_Driver/Src/stm32f4xx_hal.o
                                      0x85c00 (size before relaxing)
 .debug_str     0x00000000000930b3      0x347 ./Drivers/STM32F4xx_HAL_Driver/Src/stm32f4xx_hal_cortex.o
                                      0x85938 (size before relaxing)
 .debug_str     0x00000000000933fa      0x11e ./Drivers/STM32F4xx_HAL_Driver/Src/stm32f4xx_hal_gpio.o
                                      0x8534f (size before relaxing)
 .debug_str     0x0000000000093518      0x1fd ./Drivers/STM32F4xx_HAL_Driver/Src/stm32f4xx_hal_rcc.o
                                      0x85608 (size before relaxing)
 .debug_str     0x0000000000093715      0xe79 ./Drivers/STM32F4xx_HAL_Driver/Src/stm32f4xx_hal_tim.o
                                      0x8654c (size before relaxing)
 .debug_str     0x000000000009458e      0x503 ./Drivers/STM32F4xx_HAL_Driver/Src/stm32f4xx_hal_tim_ex.o
                                      0x85d58 (size before relaxing)

.debug_frame    0x0000000000000000     0x3cc4
 .debug_frame   0x0000000000000000       0xd8 ./Common/FreeRTOS/list.o
 .debug_frame   0x00000000000000d8      0x530 ./Common/FreeRTOS/queue.o
 .debug_frame   0x0000000000000608      0x8a8 ./Common/FreeRTOS/tasks.o
 .debug_frame   0x0000000000000eb0      0x3c8 ./Common/FreeRTOS/timers.o
 .debug_frame   0x0000000000001278      0x1d0 ./Common/FreeRTOS/portable/GCC/ARM_CM4F/port.o
 .debug_frame   0x0000000000001448      0x150 ./Common/FreeRTOS/portable/MemMang/heap_4.o
 .debug_frame   0x0000000000001598      0x134 ./Core/Src/main.o
 .debug_frame   0x00000000000016cc       0x38 ./Core/Src/stm32f4xx_hal_msp.o
 .debug_frame   0x0000000000001704       0x74 ./Core/Src/stm32f4xx_hal_timebase_tim.o
 .debug_frame   0x0000000000001778       0xc4 ./Core/Src/stm32f4xx_it.o
 .debug_frame   0x000000000000183c       0x58 ./Core/Src/system_stm32f4xx.o
 .debug_frame   0x0000000000001894      0x374 ./Drivers/STM32F4xx_HAL_Driver/Src/stm32f4xx_hal.o
 .debug_frame   0x0000000000001c08      0x4b8 ./Drivers/STM32F4xx_HAL_Driver/Src/stm32f4xx_hal_cortex.o
 .debug_frame   0x00000000000020c0      0x14c ./Drivers/STM32F4xx_HAL_Driver/Src/stm32f4xx_hal_gpio.o
 .debug_frame   0x000000000000220c      0x1f4 ./Drivers/STM32F4xx_HAL_Driver/Src/stm32f4xx_hal_rcc.o
 .debug_frame   0x0000000000002400     0x11b8 ./Drivers/STM32F4xx_HAL_Driver/Src/stm32f4xx_hal_tim.o
 .debug_frame   0x00000000000035b8      0x638 ./Drivers/STM32F4xx_HAL_Driver/Src/stm32f4xx_hal_tim_ex.o
 .debug_frame   0x0000000000003bf0       0x20 C:/ST/STM32CubeIDE_1.14.0/STM32CubeIDE/plugins/com.st.stm32cube.ide.mcu.externaltools.gnu-tools-for-stm32.11.3.rel1.win32_1.1.100.202309141235/tools/bin/../lib/gcc/arm-none-eabi/11.3.1/../../../../arm-none-eabi/lib/thumb/v7e-m+fp/hard\libc_nano.a(libc_a-memset.o)
 .debug_frame   0x0000000000003c10       0x2c C:/ST/STM32CubeIDE_1.14.0/STM32CubeIDE/plugins/com.st.stm32cube.ide.mcu.externaltools.gnu-tools-for-stm32.11.3.rel1.win32_1.1.100.202309141235/tools/bin/../lib/gcc/arm-none-eabi/11.3.1/../../../../arm-none-eabi/lib/thumb/v7e-m+fp/hard\libc_nano.a(libc_a-init.o)
 .debug_frame   0x0000000000003c3c       0x28 C:/ST/STM32CubeIDE_1.14.0/STM32CubeIDE/plugins/com.st.stm32cube.ide.mcu.externaltools.gnu-tools-for-stm32.11.3.rel1.win32_1.1.100.202309141235/tools/bin/../lib/gcc/arm-none-eabi/11.3.1/../../../../arm-none-eabi/lib/thumb/v7e-m+fp/hard\libc_nano.a(libc_a-memcpy-stub.o)
 .debug_frame   0x0000000000003c64       0x2c C:/ST/STM32CubeIDE_1.14.0/STM32CubeIDE/plugins/com.st.stm32cube.ide.mcu.externaltools.gnu-tools-for-stm32.11.3.rel1.win32_1.1.100.202309141235/tools/bin/../lib/gcc/arm-none-eabi/11.3.1/thumb/v7e-m+fp/hard\libgcc.a(_aeabi_uldivmod.o)
 .debug_frame   0x0000000000003c90       0x34 C:/ST/STM32CubeIDE_1.14.0/STM32CubeIDE/plugins/com.st.stm32cube.ide.mcu.externaltools.gnu-tools-for-stm32.11.3.rel1.win32_1.1.100.202309141235/tools/bin/../lib/gcc/arm-none-eabi/11.3.1/thumb/v7e-m+fp/hard\libgcc.a(_udivmoddi4.o)

.debug_line_str
                0x0000000000000000       0x66
 .debug_line_str
                0x0000000000000000       0x66 ./Core/Startup/startup_stm32f411vetx.o
                                         0x7e (size before relaxing)
